// Jest Snapshot v1, https://goo.gl/fbAQLP

exports[`Button renders 1`] = `
<DocumentFragment>
  <button
    class="rounded-full bg-blue-400 px-4 py-1 text-white"
  >
    Button
  </button>
</DocumentFragment>
`;
